Archive member included to satisfy reference by file (symbol)

libHAL.a(stm32f4xx_hal.c.obj)
                              CMakeFiles/battlebots.elf.dir/User/Src/main.c.obj (HAL_Init)
libHAL.a(stm32f4xx_hal_can.c.obj)
                              CMakeFiles/battlebots.elf.dir/Firmware/Src/can.c.obj (HAL_CAN_Init)
libHAL.a(stm32f4xx_hal_cortex.c.obj)
                              CMakeFiles/battlebots.elf.dir/Firmware/Src/stm32f4xx_hal_msp.c.obj (HAL_NVIC_SetPriorityGrouping)
libHAL.a(stm32f4xx_hal_dma.c.obj)
                              CMakeFiles/battlebots.elf.dir/Firmware/Src/spi.c.obj (HAL_DMA_Init)
libHAL.a(stm32f4xx_hal_gpio.c.obj)
                              CMakeFiles/battlebots.elf.dir/Firmware/Src/can.c.obj (HAL_GPIO_Init)
libHAL.a(stm32f4xx_hal_rcc.c.obj)
                              CMakeFiles/battlebots.elf.dir/User/Src/main.c.obj (HAL_RCC_OscConfig)
libHAL.a(stm32f4xx_hal_spi.c.obj)
                              CMakeFiles/battlebots.elf.dir/Firmware/Src/spi.c.obj (HAL_SPI_Init)
libHAL.a(stm32f4xx_hal_tim.c.obj)
                              CMakeFiles/battlebots.elf.dir/Firmware/Src/stm32f4xx_hal_timebase_TIM.c.obj (HAL_TIM_Base_Init)
libHAL.a(stm32f4xx_hal_tim_ex.c.obj)
                              libHAL.a(stm32f4xx_hal_tim.c.obj) (TIMEx_DMACommutationCplt)
libHAL.a(stm32f4xx_hal_uart.c.obj)
                              CMakeFiles/battlebots.elf.dir/Firmware/Src/usart.c.obj (HAL_UART_Init)
libCMSIS.a(startup_stm32f427xx.s.obj)
                              (Reset_Handler)
/usr/local/Cellar/gcc-arm-none-eabi/20160928/bin/../lib/gcc/arm-none-eabi/5.4.1/armv7e-m/fpu/libgcc.a(_arm_addsubdf3.o)
                              CMakeFiles/battlebots.elf.dir/User/Src/chassis_motors.c.obj (__aeabi_f2d)
/usr/local/Cellar/gcc-arm-none-eabi/20160928/bin/../lib/gcc/arm-none-eabi/5.4.1/armv7e-m/fpu/libgcc.a(_arm_muldivdf3.o)
                              CMakeFiles/battlebots.elf.dir/User/Src/chassis_motors.c.obj (__aeabi_dmul)
/usr/local/Cellar/gcc-arm-none-eabi/20160928/bin/../lib/gcc/arm-none-eabi/5.4.1/armv7e-m/fpu/libgcc.a(_arm_fixdfsi.o)
                              CMakeFiles/battlebots.elf.dir/User/Src/chassis_motors.c.obj (__aeabi_d2iz)
/usr/local/Cellar/gcc-arm-none-eabi/20160928/bin/../lib/gcc/arm-none-eabi/5.4.1/../../../../arm-none-eabi/lib/armv7e-m/fpu/libg_nano.a(lib_a-exit.o)
                              /usr/local/Cellar/gcc-arm-none-eabi/20160928/bin/../lib/gcc/arm-none-eabi/5.4.1/../../../../arm-none-eabi/lib/armv7e-m/fpu/crt0.o (exit)
/usr/local/Cellar/gcc-arm-none-eabi/20160928/bin/../lib/gcc/arm-none-eabi/5.4.1/../../../../arm-none-eabi/lib/armv7e-m/fpu/libg_nano.a(lib_a-impure.o)
                              /usr/local/Cellar/gcc-arm-none-eabi/20160928/bin/../lib/gcc/arm-none-eabi/5.4.1/../../../../arm-none-eabi/lib/armv7e-m/fpu/libg_nano.a(lib_a-exit.o) (_global_impure_ptr)
/usr/local/Cellar/gcc-arm-none-eabi/20160928/bin/../lib/gcc/arm-none-eabi/5.4.1/../../../../arm-none-eabi/lib/armv7e-m/fpu/libg_nano.a(lib_a-init.o)
                              /usr/local/Cellar/gcc-arm-none-eabi/20160928/bin/../lib/gcc/arm-none-eabi/5.4.1/../../../../arm-none-eabi/lib/armv7e-m/fpu/crt0.o (__libc_init_array)
/usr/local/Cellar/gcc-arm-none-eabi/20160928/bin/../lib/gcc/arm-none-eabi/5.4.1/../../../../arm-none-eabi/lib/armv7e-m/fpu/libg_nano.a(lib_a-memset.o)
                              /usr/local/Cellar/gcc-arm-none-eabi/20160928/bin/../lib/gcc/arm-none-eabi/5.4.1/../../../../arm-none-eabi/lib/armv7e-m/fpu/crt0.o (memset)

Discarded input sections

 .text          0x0000000000000000        0x0 /usr/local/Cellar/gcc-arm-none-eabi/20160928/bin/../lib/gcc/arm-none-eabi/5.4.1/armv7e-m/fpu/crti.o
 .data          0x0000000000000000        0x0 /usr/local/Cellar/gcc-arm-none-eabi/20160928/bin/../lib/gcc/arm-none-eabi/5.4.1/armv7e-m/fpu/crti.o
 .bss           0x0000000000000000        0x0 /usr/local/Cellar/gcc-arm-none-eabi/20160928/bin/../lib/gcc/arm-none-eabi/5.4.1/armv7e-m/fpu/crti.o
 .data          0x0000000000000000        0x4 /usr/local/Cellar/gcc-arm-none-eabi/20160928/bin/../lib/gcc/arm-none-eabi/5.4.1/armv7e-m/fpu/crtbegin.o
 .text          0x0000000000000000       0x74 /usr/local/Cellar/gcc-arm-none-eabi/20160928/bin/../lib/gcc/arm-none-eabi/5.4.1/../../../../arm-none-eabi/lib/armv7e-m/fpu/crt0.o
 .data          0x0000000000000000        0x0 /usr/local/Cellar/gcc-arm-none-eabi/20160928/bin/../lib/gcc/arm-none-eabi/5.4.1/../../../../arm-none-eabi/lib/armv7e-m/fpu/crt0.o
 .bss           0x0000000000000000        0x0 /usr/local/Cellar/gcc-arm-none-eabi/20160928/bin/../lib/gcc/arm-none-eabi/5.4.1/../../../../arm-none-eabi/lib/armv7e-m/fpu/crt0.o
 .ARM.extab     0x0000000000000000        0x0 /usr/local/Cellar/gcc-arm-none-eabi/20160928/bin/../lib/gcc/arm-none-eabi/5.4.1/../../../../arm-none-eabi/lib/armv7e-m/fpu/crt0.o
[...]
Memory Configuration

Name             Origin             Length             Attributes
RAM              0x0000000020000000 0x0000000000030000 xrw
CCMRAM           0x0000000010000000 0x0000000000010000 rw
FLASH            0x0000000008000000 0x0000000000200000 xr
*default*        0x0000000000000000 0xffffffffffffffff

Linker script and memory map

LOAD /usr/local/Cellar/gcc-arm-none-eabi/20160928/bin/../lib/gcc/arm-none-eabi/5.4.1/armv7e-m/fpu/crti.o
LOAD /usr/local/Cellar/gcc-arm-none-eabi/20160928/bin/../lib/gcc/arm-none-eabi/5.4.1/armv7e-m/fpu/crtbegin.o
LOAD /usr/local/Cellar/gcc-arm-none-eabi/20160928/bin/../lib/gcc/arm-none-eabi/5.4.1/../../../../arm-none-eabi/lib/armv7e-m/fpu/crt0.o
LOAD CMakeFiles/battlebots.elf.dir/Firmware/Src/can.c.obj
LOAD CMakeFiles/battlebots.elf.dir/Firmware/Src/dma.c.obj
LOAD CMakeFiles/battlebots.elf.dir/Firmware/Src/gpio.c.obj
LOAD CMakeFiles/battlebots.elf.dir/Firmware/Src/spi.c.obj
LOAD CMakeFiles/battlebots.elf.dir/Firmware/Src/stm32f4xx_hal_msp.c.obj
LOAD CMakeFiles/battlebots.elf.dir/Firmware/Src/stm32f4xx_hal_timebase_TIM.c.obj
LOAD CMakeFiles/battlebots.elf.dir/Firmware/Src/stm32f4xx_it.c.obj
LOAD CMakeFiles/battlebots.elf.dir/Firmware/Src/system_stm32f4xx.c.obj
LOAD CMakeFiles/battlebots.elf.dir/Firmware/Src/tim.c.obj
LOAD CMakeFiles/battlebots.elf.dir/Firmware/Src/usart.c.obj
LOAD CMakeFiles/battlebots.elf.dir/User/Src/chassis_motors.c.obj
LOAD CMakeFiles/battlebots.elf.dir/User/Src/main.c.obj
LOAD CMakeFiles/battlebots.elf.dir/User/Src/test_DBUS.c.obj
LOAD CMakeFiles/battlebots.elf.dir/User/Src/test_drive.c.obj
LOAD CMakeFiles/battlebots.elf.dir/Src/PID.c.obj
LOAD libHAL.a
LOAD libCMSIS.a
START GROUP
LOAD /usr/local/Cellar/gcc-arm-none-eabi/20160928/bin/../lib/gcc/arm-none-eabi/5.4.1/armv7e-m/fpu/libgcc.a
LOAD /usr/local/Cellar/gcc-arm-none-eabi/20160928/bin/../lib/gcc/arm-none-eabi/5.4.1/../../../../arm-none-eabi/lib/armv7e-m/fpu/libg_nano.a
LOAD /usr/local/Cellar/gcc-arm-none-eabi/20160928/bin/../lib/gcc/arm-none-eabi/5.4.1/../../../../arm-none-eabi/lib/armv7e-m/fpu/libc_nano.a
END GROUP
START GROUP
LOAD /usr/local/Cellar/gcc-arm-none-eabi/20160928/bin/../lib/gcc/arm-none-eabi/5.4.1/armv7e-m/fpu/libgcc.a
LOAD /usr/local/Cellar/gcc-arm-none-eabi/20160928/bin/../lib/gcc/arm-none-eabi/5.4.1/../../../../arm-none-eabi/lib/armv7e-m/fpu/libc_nano.a
END GROUP
LOAD /usr/local/Cellar/gcc-arm-none-eabi/20160928/bin/../lib/gcc/arm-none-eabi/5.4.1/armv7e-m/fpu/crtend.o
LOAD /usr/local/Cellar/gcc-arm-none-eabi/20160928/bin/../lib/gcc/arm-none-eabi/5.4.1/armv7e-m/fpu/crtn.o
                0x0000000020030000                _estack = 0x20030000
                0x0000000000001000                _Min_Heap_Size = 0x1000
                0x0000000000000400                _Min_Stack_Size = 0x400

.isr_vector     0x0000000008000000      0x1ac
                0x0000000008000000                . = ALIGN (0x4)
 *(.isr_vector)
 .isr_vector    0x0000000008000000      0x1ac libCMSIS.a(startup_stm32f427xx.s.obj)
                0x0000000008000000                g_pfnVectors
                0x00000000080001ac                . = ALIGN (0x4)

.text           0x00000000080001b0     0x6f0c
                0x00000000080001b0                . = ALIGN (0x4)
 *(.text)
 .text          0x00000000080001b0       0x5c /usr/local/Cellar/gcc-arm-none-eabi/20160928/bin/../lib/gcc/arm-none-eabi/5.4.1/armv7e-m/fpu/crtbegin.o
 .text          0x000000000800020c      0x370 /usr/local/Cellar/gcc-arm-none-eabi/20160928/bin/../lib/gcc/arm-none-eabi/5.4.1/armv7e-m/fpu/libgcc.a(_arm_addsubdf3.o)
                0x000000000800020c                __aeabi_drsub
                0x0000000008000214                __subdf3
                0x0000000008000214                __aeabi_dsub
                0x0000000008000218                __aeabi_dadd
                0x0000000008000218                __adddf3
                0x0000000008000490                __aeabi_ui2d
                0x0000000008000490                __floatunsidf
                0x00000000080004b0                __floatsidf
                0x00000000080004b0                __aeabi_i2d
                0x00000000080004d4                __extendsfdf2
                0x00000000080004d4                __aeabi_f2d
                0x0000000008000510                __aeabi_ul2d
                0x0000000008000510                __floatundidf
                0x0000000008000520                __aeabi_l2d
                0x0000000008000520                __floatdidf
 .text          0x000000000800057c      0x424 /usr/local/Cellar/gcc-arm-none-eabi/20160928/bin/../lib/gcc/arm-none-eabi/5.4.1/armv7e-m/fpu/libgcc.a(_arm_muldivdf3.o)
                0x000000000800057c                __aeabi_dmul
                0x000000000800057c                __muldf3
                0x00000000080007d0                __aeabi_ddiv
                0x00000000080007d0                __divdf3
 .text          0x00000000080009a0       0x50 /usr/local/Cellar/gcc-arm-none-eabi/20160928/bin/../lib/gcc/arm-none-eabi/5.4.1/armv7e-m/fpu/libgcc.a(_arm_fixdfsi.o)
                0x00000000080009a0                __fixdfsi
                0x00000000080009a0                __aeabi_d2iz
 *(.text*)
 .text.MX_CAN1_Init
                0x00000000080009f0       0x74 CMakeFiles/battlebots.elf.dir/Firmware/Src/can.c.obj
                0x00000000080009f0                MX_CAN1_Init
 .text.MX_CAN2_Init
                0x0000000008000a64       0x78 CMakeFiles/battlebots.elf.dir/Firmware/Src/can.c.obj
                0x0000000008000a64                MX_CAN2_Init
 .text.HAL_CAN_MspInit
                0x0000000008000adc      0x138 CMakeFiles/battlebots.elf.dir/Firmware/Src/can.c.obj
                0x0000000008000adc                HAL_CAN_MspInit
 .text.MX_DMA_Init
                0x0000000008000c14       0x9c CMakeFiles/battlebots.elf.dir/Firmware/Src/dma.c.obj
                0x0000000008000c14                MX_DMA_Init
 .text.MX_GPIO_Init
                0x0000000008000cb0      0x204 CMakeFiles/battlebots.elf.dir/Firmware/Src/gpio.c.obj
                0x0000000008000cb0                MX_GPIO_Init
 .text.MX_SPI5_Init
                0x0000000008000eb4       0x74 CMakeFiles/battlebots.elf.dir/Firmware/Src/spi.c.obj
                0x0000000008000eb4                MX_SPI5_Init
 .text.HAL_SPI_MspInit
                0x0000000008000f28       0xd4 CMakeFiles/battlebots.elf.dir/Firmware/Src/spi.c.obj
                0x0000000008000f28                HAL_SPI_MspInit
 .text.HAL_MspInit
                0x0000000008000ffc       0x64 CMakeFiles/battlebots.elf.dir/Firmware/Src/stm32f4xx_hal_msp.c.obj
                0x0000000008000ffc                HAL_MspInit
 .text.HAL_InitTick
                0x0000000008001060       0xb4 CMakeFiles/battlebots.elf.dir/Firmware/Src/stm32f4xx_hal_timebase_TIM.c.obj
                0x0000000008001060                HAL_InitTick
 .text.NMI_Handler
                0x0000000008001114       0x10 CMakeFiles/battlebots.elf.dir/Firmware/Src/stm32f4xx_it.c.obj
                0x0000000008001114                NMI_Handler
 .text.HardFault_Handler
                0x0000000008001124        0x8 CMakeFiles/battlebots.elf.dir/Firmware/Src/stm32f4xx_it.c.obj
                0x0000000008001124                HardFault_Handler
 .text.MemManage_Handler
                0x000000000800112c        0x8 CMakeFiles/battlebots.elf.dir/Firmware/Src/stm32f4xx_it.c.obj
                0x000000000800112c                MemManage_Handler
 .text.BusFault_Handler
                0x0000000008001134        0x8 CMakeFiles/battlebots.elf.dir/Firmware/Src/stm32f4xx_it.c.obj
                0x0000000008001134                BusFault_Handler
 .text.UsageFault_Handler
                0x000000000800113c        0x8 CMakeFiles/battlebots.elf.dir/Firmware/Src/stm32f4xx_it.c.obj
                0x000000000800113c                UsageFault_Handler
 .text.SVC_Handler
                0x0000000008001144       0x10 CMakeFiles/battlebots.elf.dir/Firmware/Src/stm32f4xx_it.c.obj
                0x0000000008001144                SVC_Handler
 .text.DebugMon_Handler
                0x0000000008001154       0x10 CMakeFiles/battlebots.elf.dir/Firmware/Src/stm32f4xx_it.c.obj
                0x0000000008001154                DebugMon_Handler
 .text.PendSV_Handler
                0x0000000008001164       0x10 CMakeFiles/battlebots.elf.dir/Firmware/Src/stm32f4xx_it.c.obj
                0x0000000008001164                PendSV_Handler
 .text.SysTick_Handler
                0x0000000008001174        0xc CMakeFiles/battlebots.elf.dir/Firmware/Src/stm32f4xx_it.c.obj
                0x0000000008001174                SysTick_Handler
 .text.DMA1_Stream1_IRQHandler
                0x0000000008001180       0x14 CMakeFiles/battlebots.elf.dir/Firmware/Src/stm32f4xx_it.c.obj
                0x0000000008001180                DMA1_Stream1_IRQHandler
 .text.DMA1_Stream5_IRQHandler
                0x0000000008001194       0x14 CMakeFiles/battlebots.elf.dir/Firmware/Src/stm32f4xx_it.c.obj
                0x0000000008001194                DMA1_Stream5_IRQHandler
 .text.CAN1_TX_IRQHandler
                0x00000000080011a8       0x14 CMakeFiles/battlebots.elf.dir/Firmware/Src/stm32f4xx_it.c.obj
                0x00000000080011a8                CAN1_TX_IRQHandler
 .text.CAN1_RX0_IRQHandler
                0x00000000080011bc       0x14 CMakeFiles/battlebots.elf.dir/Firmware/Src/stm32f4xx_it.c.obj
                0x00000000080011bc                CAN1_RX0_IRQHandler
 .text.USART1_IRQHandler
                0x00000000080011d0      0x42c CMakeFiles/battlebots.elf.dir/Firmware/Src/stm32f4xx_it.c.obj
                0x00000000080011d0                USART1_IRQHandler
 .text.USART2_IRQHandler
                0x00000000080015fc       0x14 CMakeFiles/battlebots.elf.dir/Firmware/Src/stm32f4xx_it.c.obj
                0x00000000080015fc                USART2_IRQHandler
 .text.USART3_IRQHandler
                0x0000000008001610       0x14 CMakeFiles/battlebots.elf.dir/Firmware/Src/stm32f4xx_it.c.obj
                0x0000000008001610                USART3_IRQHandler
 .text.EXTI15_10_IRQHandler
                0x0000000008001624       0x10 CMakeFiles/battlebots.elf.dir/Firmware/Src/stm32f4xx_it.c.obj
                0x0000000008001624                EXTI15_10_IRQHandler
 .text.TIM6_DAC_IRQHandler
                0x0000000008001634       0x14 CMakeFiles/battlebots.elf.dir/Firmware/Src/stm32f4xx_it.c.obj
                0x0000000008001634                TIM6_DAC_IRQHandler
 .text.DMA2_Stream1_IRQHandler
                0x0000000008001648       0x14 CMakeFiles/battlebots.elf.dir/Firmware/Src/stm32f4xx_it.c.obj
                0x0000000008001648                DMA2_Stream1_IRQHandler
 .text.DMA2_Stream2_IRQHandler
                0x000000000800165c       0x14 CMakeFiles/battlebots.elf.dir/Firmware/Src/stm32f4xx_it.c.obj
                0x000000000800165c                DMA2_Stream2_IRQHandler
 .text.DMA2_Stream3_IRQHandler
                0x0000000008001670       0x14 CMakeFiles/battlebots.elf.dir/Firmware/Src/stm32f4xx_it.c.obj
                0x0000000008001670                DMA2_Stream3_IRQHandler
 .text.CAN2_TX_IRQHandler
                0x0000000008001684       0x14 CMakeFiles/battlebots.elf.dir/Firmware/Src/stm32f4xx_it.c.obj
                0x0000000008001684                CAN2_TX_IRQHandler
 .text.CAN2_RX0_IRQHandler
                0x0000000008001698       0x14 CMakeFiles/battlebots.elf.dir/Firmware/Src/stm32f4xx_it.c.obj
                0x0000000008001698                CAN2_RX0_IRQHandler
 .text.USART6_IRQHandler
                0x00000000080016ac       0x14 CMakeFiles/battlebots.elf.dir/Firmware/Src/stm32f4xx_it.c.obj
                0x00000000080016ac                USART6_IRQHandler
 .text.SystemInit
                0x00000000080016c0       0x6c CMakeFiles/battlebots.elf.dir/Firmware/Src/system_stm32f4xx.c.obj
                0x00000000080016c0                SystemInit
 .text.MX_TIM2_Init
                0x000000000800172c       0xec CMakeFiles/battlebots.elf.dir/Firmware/Src/tim.c.obj
                0x000000000800172c                MX_TIM2_Init
 .text.MX_TIM3_Init
                0x0000000008001818       0xb8 CMakeFiles/battlebots.elf.dir/Firmware/Src/tim.c.obj
                0x0000000008001818                MX_TIM3_Init
 .text.MX_TIM4_Init
                0x00000000080018d0       0xec CMakeFiles/battlebots.elf.dir/Firmware/Src/tim.c.obj
                0x00000000080018d0                MX_TIM4_Init
 .text.MX_TIM5_Init
                0x00000000080019bc       0xf4 CMakeFiles/battlebots.elf.dir/Firmware/Src/tim.c.obj
                0x00000000080019bc                MX_TIM5_Init
 .text.MX_TIM8_Init
                0x0000000008001ab0      0x14c CMakeFiles/battlebots.elf.dir/Firmware/Src/tim.c.obj
                0x0000000008001ab0                MX_TIM8_Init
 .text.MX_TIM12_Init
                0x0000000008001bfc       0xa0 CMakeFiles/battlebots.elf.dir/Firmware/Src/tim.c.obj
                0x0000000008001bfc                MX_TIM12_Init
 .text.HAL_TIM_PWM_MspInit
                0x0000000008001c9c      0x11c CMakeFiles/battlebots.elf.dir/Firmware/Src/tim.c.obj
                0x0000000008001c9c                HAL_TIM_PWM_MspInit
 .text.HAL_TIM_MspPostInit
                0x0000000008001db8      0x1ac CMakeFiles/battlebots.elf.dir/Firmware/Src/tim.c.obj
                0x0000000008001db8                HAL_TIM_MspPostInit
 .text.MX_USART1_UART_Init
                0x0000000008001f64       0x60 CMakeFiles/battlebots.elf.dir/Firmware/Src/usart.c.obj
                0x0000000008001f64                MX_USART1_UART_Init
 .text.MX_USART2_UART_Init
                0x0000000008001fc4       0x5c CMakeFiles/battlebots.elf.dir/Firmware/Src/usart.c.obj
                0x0000000008001fc4                MX_USART2_UART_Init
 .text.MX_USART3_UART_Init
                0x0000000008002020       0x5c CMakeFiles/battlebots.elf.dir/Firmware/Src/usart.c.obj
                0x0000000008002020                MX_USART3_UART_Init
 .text.MX_USART6_UART_Init
                0x000000000800207c       0x5c CMakeFiles/battlebots.elf.dir/Firmware/Src/usart.c.obj
                0x000000000800207c                MX_USART6_UART_Init
 .text.HAL_UART_MspInit
                0x00000000080020d8      0x348 CMakeFiles/battlebots.elf.dir/Firmware/Src/usart.c.obj
                0x00000000080020d8                HAL_UART_MspInit
 .text.send_to_chassis
                0x0000000008002420       0xa4 CMakeFiles/battlebots.elf.dir/User/Src/chassis_motors.c.obj
                0x0000000008002420                send_to_chassis
 .text.CanFilter_Init
                0x00000000080024c4       0x88 CMakeFiles/battlebots.elf.dir/User/Src/chassis_motors.c.obj
                0x00000000080024c4                CanFilter_Init
 .text.HAL_CAN_RxCpltCallback
                0x000000000800254c       0xb8 CMakeFiles/battlebots.elf.dir/User/Src/chassis_motors.c.obj
                0x000000000800254c                HAL_CAN_RxCpltCallback
 .text.encoderProcess
                0x0000000008002604       0x4c CMakeFiles/battlebots.elf.dir/User/Src/chassis_motors.c.obj
                0x0000000008002604                encoderProcess
 .text.Chassis_Set_Speed
                0x0000000008002650       0x8c CMakeFiles/battlebots.elf.dir/User/Src/chassis_motors.c.obj
                0x0000000008002650                Chassis_Set_Speed
 .text.CAN_Send_Msg
                0x00000000080026dc       0x68 CMakeFiles/battlebots.elf.dir/User/Src/chassis_motors.c.obj
                0x00000000080026dc                CAN_Send_Msg
 .text.get_wheel_velocity
                0x0000000008002744       0x64 CMakeFiles/battlebots.elf.dir/User/Src/chassis_motors.c.obj
                0x0000000008002744                get_wheel_velocity
 .text.control_car
                0x00000000080027a8      0x178 CMakeFiles/battlebots.elf.dir/User/Src/chassis_motors.c.obj
                0x00000000080027a8                control_car
 .text.main     0x0000000008002920       0xe4 CMakeFiles/battlebots.elf.dir/User/Src/main.c.obj
                0x0000000008002920                main
 .text.SystemClock_Config
                0x0000000008002a04       0xec CMakeFiles/battlebots.elf.dir/User/Src/main.c.obj
                0x0000000008002a04                SystemClock_Config
 .text.HAL_TIM_PeriodElapsedCallback
                0x0000000008002af0       0x24 CMakeFiles/battlebots.elf.dir/User/Src/main.c.obj
                0x0000000008002af0                HAL_TIM_PeriodElapsedCallback
 .text._Error_Handler
                0x0000000008002b14        0xc CMakeFiles/battlebots.elf.dir/User/Src/main.c.obj
                0x0000000008002b14                _Error_Handler
 .text.RC_Init  0x0000000008002b20       0x54 CMakeFiles/battlebots.elf.dir/User/Src/test_DBUS.c.obj
                0x0000000008002b20                RC_Init
 .text.decryptDBUS
                0x0000000008002b74       0xd0 CMakeFiles/battlebots.elf.dir/User/Src/test_DBUS.c.obj
                0x0000000008002b74                decryptDBUS
 .text.drive_kinematics
                0x0000000008002c44      0x170 CMakeFiles/battlebots.elf.dir/User/Src/test_drive.c.obj
                0x0000000008002c44                drive_kinematics
 .text.map      0x0000000008002db4       0x5c CMakeFiles/battlebots.elf.dir/User/Src/test_drive.c.obj
                0x0000000008002db4                map
 .text.PID_Init
                0x0000000008002e10       0x78 CMakeFiles/battlebots.elf.dir/Src/PID.c.obj
                0x0000000008002e10                PID_Init
 .text.PID_output
                0x0000000008002e88      0x17c CMakeFiles/battlebots.elf.dir/Src/PID.c.obj
                0x0000000008002e88                PID_output
 .text.HAL_Init
                0x0000000008003004       0x44 libHAL.a(stm32f4xx_hal.c.obj)
                0x0000000008003004                HAL_Init
 .text.HAL_IncTick
                0x0000000008003048       0x1c libHAL.a(stm32f4xx_hal.c.obj)
                0x0000000008003048                HAL_IncTick
 .text.HAL_GetTick
                0x0000000008003064       0x18 libHAL.a(stm32f4xx_hal.c.obj)
                0x0000000008003064                HAL_GetTick
 .text.HAL_Delay
                0x000000000800307c       0x3c libHAL.a(stm32f4xx_hal.c.obj)
                0x000000000800307c                HAL_Delay
 .text.HAL_CAN_Init
                0x00000000080030b8      0x248 libHAL.a(stm32f4xx_hal_can.c.obj)
                0x00000000080030b8                HAL_CAN_Init
 .text.HAL_CAN_ConfigFilter
                0x0000000008003300      0x19c libHAL.a(stm32f4xx_hal_can.c.obj)
                0x0000000008003300                HAL_CAN_ConfigFilter
 .text.HAL_CAN_Transmit
                0x000000000800349c      0x354 libHAL.a(stm32f4xx_hal_can.c.obj)
                0x000000000800349c                HAL_CAN_Transmit
 .text.HAL_CAN_Receive_IT
                0x00000000080037f0      0x170 libHAL.a(stm32f4xx_hal_can.c.obj)
                0x00000000080037f0                HAL_CAN_Receive_IT
 .text.HAL_CAN_IRQHandler
                0x0000000008003960      0x450 libHAL.a(stm32f4xx_hal_can.c.obj)
                0x0000000008003960                HAL_CAN_IRQHandler
 .text.HAL_CAN_TxCpltCallback
                0x0000000008003db0       0x14 libHAL.a(stm32f4xx_hal_can.c.obj)
                0x0000000008003db0                HAL_CAN_TxCpltCallback
 .text.HAL_CAN_ErrorCallback
                0x0000000008003dc4       0x14 libHAL.a(stm32f4xx_hal_can.c.obj)
                0x0000000008003dc4                HAL_CAN_ErrorCallback
 .text.CAN_Transmit_IT
                0x0000000008003dd8       0x80 libHAL.a(stm32f4xx_hal_can.c.obj)
 .text.CAN_Receive_IT
                0x0000000008003e58      0x268 libHAL.a(stm32f4xx_hal_can.c.obj)
 .text.NVIC_SetPriorityGrouping
                0x00000000080040c0       0x48 libHAL.a(stm32f4xx_hal_cortex.c.obj)
 .text.NVIC_GetPriorityGrouping
                0x0000000008004108       0x1c libHAL.a(stm32f4xx_hal_cortex.c.obj)
 .text.NVIC_EnableIRQ
                0x0000000008004124       0x34 libHAL.a(stm32f4xx_hal_cortex.c.obj)
 .text.NVIC_SetPriority
                0x0000000008004158       0x54 libHAL.a(stm32f4xx_hal_cortex.c.obj)
 .text.NVIC_EncodePriority
                0x00000000080041ac       0x64 libHAL.a(stm32f4xx_hal_cortex.c.obj)
 .text.SysTick_Config
                0x0000000008004210       0x44 libHAL.a(stm32f4xx_hal_cortex.c.obj)
 .text.HAL_NVIC_SetPriorityGrouping
                0x0000000008004254       0x18 libHAL.a(stm32f4xx_hal_cortex.c.obj)
                0x0000000008004254                HAL_NVIC_SetPriorityGrouping
 .text.HAL_NVIC_SetPriority
                0x000000000800426c       0x38 libHAL.a(stm32f4xx_hal_cortex.c.obj)
                0x000000000800426c                HAL_NVIC_SetPriority
 .text.HAL_NVIC_EnableIRQ
                0x00000000080042a4       0x1c libHAL.a(stm32f4xx_hal_cortex.c.obj)
                0x00000000080042a4                HAL_NVIC_EnableIRQ
 .text.HAL_SYSTICK_Config
                0x00000000080042c0       0x18 libHAL.a(stm32f4xx_hal_cortex.c.obj)
                0x00000000080042c0                HAL_SYSTICK_Config
 .text.HAL_SYSTICK_CLKSourceConfig
                0x00000000080042d8       0x38 libHAL.a(stm32f4xx_hal_cortex.c.obj)
                0x00000000080042d8                HAL_SYSTICK_CLKSourceConfig
 .text.HAL_SYSTICK_IRQHandler
                0x0000000008004310        0xc libHAL.a(stm32f4xx_hal_cortex.c.obj)
                0x0000000008004310                HAL_SYSTICK_IRQHandler
 .text.HAL_SYSTICK_Callback
                0x000000000800431c       0x10 libHAL.a(stm32f4xx_hal_cortex.c.obj)
                0x000000000800431c                HAL_SYSTICK_Callback
 .text.HAL_DMA_Init
                0x000000000800432c      0x15c libHAL.a(stm32f4xx_hal_dma.c.obj)
                0x000000000800432c                HAL_DMA_Init
 .text.HAL_DMA_Start_IT
                0x0000000008004488       0xc0 libHAL.a(stm32f4xx_hal_dma.c.obj)
                0x0000000008004488                HAL_DMA_Start_IT
 .text.HAL_DMA_Abort_IT
                0x0000000008004548       0x44 libHAL.a(stm32f4xx_hal_dma.c.obj)
                0x0000000008004548                HAL_DMA_Abort_IT
 .text.HAL_DMA_IRQHandler
                0x000000000800458c      0x320 libHAL.a(stm32f4xx_hal_dma.c.obj)
                0x000000000800458c                HAL_DMA_IRQHandler
 .text.DMA_SetConfig
                0x00000000080048ac       0x5c libHAL.a(stm32f4xx_hal_dma.c.obj)
 .text.DMA_CalcBaseAndBitshift
                0x0000000008004908       0x6c libHAL.a(stm32f4xx_hal_dma.c.obj)
 .text.DMA_CheckFifoParam
                0x0000000008004974       0xf4 libHAL.a(stm32f4xx_hal_dma.c.obj)
 .text.HAL_GPIO_Init
                0x0000000008004a68      0x354 libHAL.a(stm32f4xx_hal_gpio.c.obj)
                0x0000000008004a68                HAL_GPIO_Init
 .text.HAL_GPIO_WritePin
                0x0000000008004dbc       0x34 libHAL.a(stm32f4xx_hal_gpio.c.obj)
                0x0000000008004dbc                HAL_GPIO_WritePin
 .text.HAL_GPIO_EXTI_IRQHandler
                0x0000000008004df0       0x30 libHAL.a(stm32f4xx_hal_gpio.c.obj)
                0x0000000008004df0                HAL_GPIO_EXTI_IRQHandler
 .text.HAL_GPIO_EXTI_Callback
                0x0000000008004e20       0x18 libHAL.a(stm32f4xx_hal_gpio.c.obj)
                0x0000000008004e20                HAL_GPIO_EXTI_Callback
 .text.HAL_RCC_OscConfig
                0x0000000008004e38      0x4b4 libHAL.a(stm32f4xx_hal_rcc.c.obj)
                0x0000000008004e38                HAL_RCC_OscConfig
 .text.HAL_RCC_ClockConfig
                0x00000000080052ec      0x224 libHAL.a(stm32f4xx_hal_rcc.c.obj)
                0x00000000080052ec                HAL_RCC_ClockConfig
 .text.HAL_RCC_GetSysClockFreq
                0x0000000008005510       0xfc libHAL.a(stm32f4xx_hal_rcc.c.obj)
                0x0000000008005510                HAL_RCC_GetSysClockFreq
 .text.HAL_RCC_GetHCLKFreq
                0x000000000800560c       0x18 libHAL.a(stm32f4xx_hal_rcc.c.obj)
                0x000000000800560c                HAL_RCC_GetHCLKFreq
 .text.HAL_RCC_GetPCLK1Freq
                0x0000000008005624       0x44 libHAL.a(stm32f4xx_hal_rcc.c.obj)
                0x0000000008005624                HAL_RCC_GetPCLK1Freq
 .text.HAL_RCC_GetPCLK2Freq
                0x0000000008005668       0x44 libHAL.a(stm32f4xx_hal_rcc.c.obj)
                0x0000000008005668                HAL_RCC_GetPCLK2Freq
 .text.HAL_RCC_GetClockConfig
                0x00000000080056ac       0x64 libHAL.a(stm32f4xx_hal_rcc.c.obj)
                0x00000000080056ac                HAL_RCC_GetClockConfig
 .text.HAL_SPI_Init
                0x0000000008005710       0xc8 libHAL.a(stm32f4xx_hal_spi.c.obj)
                0x0000000008005710                HAL_SPI_Init
 .text.HAL_TIM_Base_Init
                0x00000000080057d8       0x58 libHAL.a(stm32f4xx_hal_tim.c.obj)
                0x00000000080057d8                HAL_TIM_Base_Init
 .text.HAL_TIM_Base_MspInit
                0x0000000008005830       0x14 libHAL.a(stm32f4xx_hal_tim.c.obj)
                0x0000000008005830                HAL_TIM_Base_MspInit
 .text.HAL_TIM_Base_Start_IT
                0x0000000008005844       0x38 libHAL.a(stm32f4xx_hal_tim.c.obj)
                0x0000000008005844                HAL_TIM_Base_Start_IT
 .text.HAL_TIM_PWM_Init
                0x000000000800587c       0x58 libHAL.a(stm32f4xx_hal_tim.c.obj)
                0x000000000800587c                HAL_TIM_PWM_Init
 .text.HAL_TIM_IRQHandler
                0x00000000080058d4      0x210 libHAL.a(stm32f4xx_hal_tim.c.obj)
                0x00000000080058d4                HAL_TIM_IRQHandler
 .text.HAL_TIM_PWM_ConfigChannel
                0x0000000008005ae4      0x18c libHAL.a(stm32f4xx_hal_tim.c.obj)
                0x0000000008005ae4                HAL_TIM_PWM_ConfigChannel
 .text.HAL_TIM_OC_DelayElapsedCallback
                0x0000000008005c70       0x14 libHAL.a(stm32f4xx_hal_tim.c.obj)
                0x0000000008005c70                HAL_TIM_OC_DelayElapsedCallback
 .text.HAL_TIM_IC_CaptureCallback
                0x0000000008005c84       0x14 libHAL.a(stm32f4xx_hal_tim.c.obj)
                0x0000000008005c84                HAL_TIM_IC_CaptureCallback
 .text.HAL_TIM_PWM_PulseFinishedCallback
                0x0000000008005c98       0x14 libHAL.a(stm32f4xx_hal_tim.c.obj)
                0x0000000008005c98                HAL_TIM_PWM_PulseFinishedCallback
 .text.HAL_TIM_TriggerCallback
                0x0000000008005cac       0x14 libHAL.a(stm32f4xx_hal_tim.c.obj)
                0x0000000008005cac                HAL_TIM_TriggerCallback
 .text.TIM_Base_SetConfig
                0x0000000008005cc0      0x154 libHAL.a(stm32f4xx_hal_tim.c.obj)
                0x0000000008005cc0                TIM_Base_SetConfig
 .text.TIM_OC2_SetConfig
                0x0000000008005e14       0xf0 libHAL.a(stm32f4xx_hal_tim.c.obj)
                0x0000000008005e14                TIM_OC2_SetConfig
 .text.TIM_OC1_SetConfig
                0x0000000008005f04       0xe8 libHAL.a(stm32f4xx_hal_tim.c.obj)
 .text.TIM_OC3_SetConfig
                0x0000000008005fec       0xf0 libHAL.a(stm32f4xx_hal_tim.c.obj)
 .text.TIM_OC4_SetConfig
                0x00000000080060dc       0xc0 libHAL.a(stm32f4xx_hal_tim.c.obj)
 .text.HAL_TIMEx_MasterConfigSynchronization
                0x000000000800619c       0x8c libHAL.a(stm32f4xx_hal_tim_ex.c.obj)
                0x000000000800619c                HAL_TIMEx_MasterConfigSynchronization
 .text.HAL_TIMEx_ConfigBreakDeadTime
                0x0000000008006228       0xb4 libHAL.a(stm32f4xx_hal_tim_ex.c.obj)
                0x0000000008006228                HAL_TIMEx_ConfigBreakDeadTime
 .text.HAL_TIMEx_CommutationCallback
                0x00000000080062dc       0x14 libHAL.a(stm32f4xx_hal_tim_ex.c.obj)
                0x00000000080062dc                HAL_TIMEx_CommutationCallback
 .text.HAL_TIMEx_BreakCallback
                0x00000000080062f0       0x14 libHAL.a(stm32f4xx_hal_tim_ex.c.obj)
                0x00000000080062f0                HAL_TIMEx_BreakCallback
 .text.HAL_UART_Init
                0x0000000008006304       0x9c libHAL.a(stm32f4xx_hal_uart.c.obj)
                0x0000000008006304                HAL_UART_Init
 .text.HAL_UART_Receive_DMA
                0x00000000080063a0      0x100 libHAL.a(stm32f4xx_hal_uart.c.obj)
                0x00000000080063a0                HAL_UART_Receive_DMA
 .text.HAL_UART_DMAPause
                0x00000000080064a0       0xc8 libHAL.a(stm32f4xx_hal_uart.c.obj)
                0x00000000080064a0                HAL_UART_DMAPause
 .text.HAL_UART_DMAResume
                0x0000000008006568       0xa4 libHAL.a(stm32f4xx_hal_uart.c.obj)
                0x0000000008006568                HAL_UART_DMAResume
 .text.HAL_UART_IRQHandler
                0x000000000800660c      0x1f8 libHAL.a(stm32f4xx_hal_uart.c.obj)
                0x000000000800660c                HAL_UART_IRQHandler
 .text.HAL_UART_TxCpltCallback
                0x0000000008006804       0x14 libHAL.a(stm32f4xx_hal_uart.c.obj)
                0x0000000008006804                HAL_UART_TxCpltCallback
 .text.HAL_UART_RxCpltCallback
                0x0000000008006818       0x14 libHAL.a(stm32f4xx_hal_uart.c.obj)
                0x0000000008006818                HAL_UART_RxCpltCallback
 .text.HAL_UART_RxHalfCpltCallback
                0x000000000800682c       0x14 libHAL.a(stm32f4xx_hal_uart.c.obj)
                0x000000000800682c                HAL_UART_RxHalfCpltCallback
 .text.HAL_UART_ErrorCallback
                0x0000000008006840       0x14 libHAL.a(stm32f4xx_hal_uart.c.obj)
                0x0000000008006840                HAL_UART_ErrorCallback
 .text.UART_DMAReceiveCplt
                0x0000000008006854       0x68 libHAL.a(stm32f4xx_hal_uart.c.obj)
 .text.UART_DMARxHalfCplt
                0x00000000080068bc       0x1c libHAL.a(stm32f4xx_hal_uart.c.obj)
 .text.UART_DMAError
                0x00000000080068d8       0x94 libHAL.a(stm32f4xx_hal_uart.c.obj)
 .text.UART_EndTxTransfer
                0x000000000800696c       0x2c libHAL.a(stm32f4xx_hal_uart.c.obj)
 .text.UART_EndRxTransfer
                0x0000000008006998       0x3c libHAL.a(stm32f4xx_hal_uart.c.obj)
 .text.UART_DMAAbortOnError
                0x00000000080069d4       0x28 libHAL.a(stm32f4xx_hal_uart.c.obj)
 .text.UART_Transmit_IT
                0x00000000080069fc       0xac libHAL.a(stm32f4xx_hal_uart.c.obj)
 .text.UART_EndTransmit_IT
                0x0000000008006aa8       0x30 libHAL.a(stm32f4xx_hal_uart.c.obj)
 .text.UART_Receive_IT
                0x0000000008006ad8       0xf4 libHAL.a(stm32f4xx_hal_uart.c.obj)
 .text.UART_SetConfig
                0x0000000008006bcc      0x438 libHAL.a(stm32f4xx_hal_uart.c.obj)
 .text.Reset_Handler
                0x0000000008007004       0x50 libCMSIS.a(startup_stm32f427xx.s.obj)
                0x0000000008007004                Reset_Handler
 .text.Default_Handler
                0x0000000008007054        0x2 libCMSIS.a(startup_stm32f427xx.s.obj)
                0x0000000008007054                DMA1_Stream3_IRQHandler
                0x0000000008007054                HASH_RNG_IRQHandler
                0x0000000008007054                EXTI2_IRQHandler
                0x0000000008007054                TIM8_CC_IRQHandler
                0x0000000008007054                UART8_IRQHandler
                0x0000000008007054                SPI4_IRQHandler
                0x0000000008007054                TIM1_CC_IRQHandler
                0x0000000008007054                DMA2_Stream5_IRQHandler
                0x0000000008007054                PVD_IRQHandler
                0x0000000008007054                SDIO_IRQHandler
                0x0000000008007054                TAMP_STAMP_IRQHandler
                0x0000000008007054                CAN2_RX1_IRQHandler
                0x0000000008007054                EXTI3_IRQHandler
                0x0000000008007054                TIM8_TRG_COM_TIM14_IRQHandler
                0x0000000008007054                TIM1_UP_TIM10_IRQHandler
                0x0000000008007054                TIM8_UP_TIM13_IRQHandler
                0x0000000008007054                I2C3_ER_IRQHandler
                0x0000000008007054                EXTI0_IRQHandler
                0x0000000008007054                I2C2_EV_IRQHandler
                0x0000000008007054                DMA1_Stream2_IRQHandler
                0x0000000008007054                FPU_IRQHandler
                0x0000000008007054                OTG_HS_WKUP_IRQHandler
                0x0000000008007054                CAN2_SCE_IRQHandler
                0x0000000008007054                SPI1_IRQHandler
                0x0000000008007054                TIM1_BRK_TIM9_IRQHandler
                0x0000000008007054                DCMI_IRQHandler
                0x0000000008007054                CAN1_RX1_IRQHandler
                0x0000000008007054                UART5_IRQHandler
                0x0000000008007054                DMA2_Stream0_IRQHandler
                0x0000000008007054                TIM4_IRQHandler
                0x0000000008007054                I2C1_EV_IRQHandler
                0x0000000008007054                DMA1_Stream6_IRQHandler
                0x0000000008007054                UART4_IRQHandler
                0x0000000008007054                TIM3_IRQHandler
                0x0000000008007054                RCC_IRQHandler
                0x0000000008007054                TIM8_BRK_TIM12_IRQHandler
                0x0000000008007054                Default_Handler
                0x0000000008007054                ADC_IRQHandler
                0x0000000008007054                DMA1_Stream7_IRQHandler
                0x0000000008007054                SPI5_IRQHandler
                0x0000000008007054                TIM7_IRQHandler
                0x0000000008007054                TIM5_IRQHandler
                0x0000000008007054                DMA2_Stream7_IRQHandler
                0x0000000008007054                I2C3_EV_IRQHandler
                0x0000000008007054                EXTI9_5_IRQHandler
                0x0000000008007054                RTC_WKUP_IRQHandler
                0x0000000008007054                ETH_WKUP_IRQHandler
                0x0000000008007054                SPI2_IRQHandler
                0x0000000008007054                OTG_HS_EP1_IN_IRQHandler
                0x0000000008007054                DMA1_Stream0_IRQHandler
                0x0000000008007054                EXTI4_IRQHandler
                0x0000000008007054                ETH_IRQHandler
                0x0000000008007054                OTG_HS_EP1_OUT_IRQHandler
                0x0000000008007054                WWDG_IRQHandler
                0x0000000008007054                SPI6_IRQHandler
                0x0000000008007054                TIM2_IRQHandler
                0x0000000008007054                OTG_FS_WKUP_IRQHandler
                0x0000000008007054                TIM1_TRG_COM_TIM11_IRQHandler
                0x0000000008007054                OTG_HS_IRQHandler
                0x0000000008007054                DMA2D_IRQHandler
                0x0000000008007054                EXTI1_IRQHandler
                0x0000000008007054                UART7_IRQHandler
                0x0000000008007054                I2C2_ER_IRQHandler
                0x0000000008007054                CAN1_SCE_IRQHandler
                0x0000000008007054                FLASH_IRQHandler
                0x0000000008007054                DMA2_Stream4_IRQHandler
                0x0000000008007054                OTG_FS_IRQHandler
                0x0000000008007054                SPI3_IRQHandler
                0x0000000008007054                DMA1_Stream4_IRQHandler
                0x0000000008007054                I2C1_ER_IRQHandler
                0x0000000008007054                FMC_IRQHandler
                0x0000000008007054                DMA2_Stream6_IRQHandler
                0x0000000008007054                SAI1_IRQHandler
                0x0000000008007054                RTC_Alarm_IRQHandler
 *fill*         0x0000000008007056        0x2 
 .text.__libc_init_array
                0x0000000008007058       0x4c /usr/local/Cellar/gcc-arm-none-eabi/20160928/bin/../lib/gcc/arm-none-eabi/5.4.1/../../../../arm-none-eabi/lib/armv7e-m/fpu/libg_nano.a(lib_a-init.o)
                0x0000000008007058                __libc_init_array
 *(.glue_7)
 .glue_7        0x00000000080070a4        0x0 linker stubs
 *(.glue_7t)
 .glue_7t       0x00000000080070a4        0x0 linker stubs
 *(.eh_frame)
 .eh_frame      0x00000000080070a4        0x0 /usr/local/Cellar/gcc-arm-none-eabi/20160928/bin/../lib/gcc/arm-none-eabi/5.4.1/armv7e-m/fpu/crtbegin.o
 *(.init)
 .init          0x00000000080070a4        0x4 /usr/local/Cellar/gcc-arm-none-eabi/20160928/bin/../lib/gcc/arm-none-eabi/5.4.1/armv7e-m/fpu/crti.o
                0x00000000080070a4                _init
 .init          0x00000000080070a8        0x8 /usr/local/Cellar/gcc-arm-none-eabi/20160928/bin/../lib/gcc/arm-none-eabi/5.4.1/armv7e-m/fpu/crtn.o
 *(.fini)
 .fini          0x00000000080070b0        0x4 /usr/local/Cellar/gcc-arm-none-eabi/20160928/bin/../lib/gcc/arm-none-eabi/5.4.1/armv7e-m/fpu/crti.o
                0x00000000080070b0                _fini
 .fini          0x00000000080070b4        0x8 /usr/local/Cellar/gcc-arm-none-eabi/20160928/bin/../lib/gcc/arm-none-eabi/5.4.1/armv7e-m/fpu/crtn.o
                0x00000000080070bc                . = ALIGN (0x4)
                0x00000000080070bc                _etext = .

.vfp11_veneer   0x00000000080070bc        0x0
 .vfp11_veneer  0x00000000080070bc        0x0 linker stubs

.v4_bx          0x00000000080070bc        0x0
 .v4_bx         0x00000000080070bc        0x0 linker stubs

.iplt           0x00000000080070bc        0x0
 .iplt          0x00000000080070bc        0x0 /usr/local/Cellar/gcc-arm-none-eabi/20160928/bin/../lib/gcc/arm-none-eabi/5.4.1/armv7e-m/fpu/crtbegin.o

.rodata         0x00000000080070bc      0x13c
                0x00000000080070bc                . = ALIGN (0x4)
 *(.rodata)
 .rodata        0x00000000080070bc       0x38 CMakeFiles/battlebots.elf.dir/Firmware/Src/can.c.obj
 .rodata        0x00000000080070f4       0x38 CMakeFiles/battlebots.elf.dir/Firmware/Src/spi.c.obj
 .rodata        0x000000000800712c       0x18 CMakeFiles/battlebots.elf.dir/Firmware/Src/system_stm32f4xx.c.obj
                0x000000000800712c                AHBPrescTable
                0x000000000800713c                APBPrescTable
 .rodata        0x0000000008007144       0x38 CMakeFiles/battlebots.elf.dir/Firmware/Src/tim.c.obj
 .rodata        0x000000000800717c       0x3a CMakeFiles/battlebots.elf.dir/Firmware/Src/usart.c.obj
 *fill*         0x00000000080071b6        0x2 
 .rodata        0x00000000080071b8       0x35 CMakeFiles/battlebots.elf.dir/User/Src/main.c.obj
 *fill*         0x00000000080071ed        0x3 
 .rodata        0x00000000080071f0        0x8 libHAL.a(stm32f4xx_hal_dma.c.obj)
 *(.rodata*)
                0x00000000080071f8                . = ALIGN (0x4)

.rel.dyn        0x00000000080071f8        0x0
 .rel.iplt      0x00000000080071f8        0x0 /usr/local/Cellar/gcc-arm-none-eabi/20160928/bin/../lib/gcc/arm-none-eabi/5.4.1/armv7e-m/fpu/crtbegin.o

.ARM.extab
 *(.ARM.extab* .gnu.linkonce.armextab.*)

.ARM            0x00000000080071f8        0x0
                0x00000000080071f8                __exidx_start = .
 *(.ARM.exidx*)
                0x00000000080071f8                __exidx_end = .

.preinit_array  0x00000000080071f8        0x0
                0x00000000080071f8                PROVIDE (__preinit_array_start, .)
 *(.preinit_array*)
                0x00000000080071f8                PROVIDE (__preinit_array_end, .)

.init_array     0x00000000080071f8        0x4
                0x00000000080071f8                PROVIDE (__init_array_start, .)
 *(SORT(.init_array.*))
 *(.init_array*)
 .init_array    0x00000000080071f8        0x4 /usr/local/Cellar/gcc-arm-none-eabi/20160928/bin/../lib/gcc/arm-none-eabi/5.4.1/armv7e-m/fpu/crtbegin.o
                0x00000000080071fc                PROVIDE (__init_array_end, .)

.fini_array     0x00000000080071fc        0x4
                [!provide]                        PROVIDE (__fini_array_start, .)
 *(SORT(.fini_array.*))
 *(.fini_array*)
 .fini_array    0x00000000080071fc        0x4 /usr/local/Cellar/gcc-arm-none-eabi/20160928/bin/../lib/gcc/arm-none-eabi/5.4.1/armv7e-m/fpu/crtbegin.o
                [!provide]                        PROVIDE (__fini_array_end, .)
                0x0000000008007200                _sidata = LOADADDR (.data)

.data           0x0000000020000000        0x8 load address 0x0000000008007200
                0x0000000020000000                . = ALIGN (0x4)
                0x0000000020000000                _sdata = .
 *(.data)
 .data          0x0000000020000000        0x4 CMakeFiles/battlebots.elf.dir/Firmware/Src/system_stm32f4xx.c.obj
                0x0000000020000000                SystemCoreClock
 .data          0x0000000020000004        0x4 CMakeFiles/battlebots.elf.dir/User/Src/chassis_motors.c.obj
 *(.data*)
                0x0000000020000008                . = ALIGN (0x4)
                0x0000000020000008                _edata = .
                0x0000000008007208                _siccmram = LOADADDR (.ccmram)

.jcr            0x0000000020000008        0x0 load address 0x0000000008007208
 .jcr           0x0000000020000008        0x0 /usr/local/Cellar/gcc-arm-none-eabi/20160928/bin/../lib/gcc/arm-none-eabi/5.4.1/armv7e-m/fpu/crtbegin.o

.igot.plt       0x0000000020000008        0x0 load address 0x0000000008007208
 .igot.plt      0x0000000020000008        0x0 /usr/local/Cellar/gcc-arm-none-eabi/20160928/bin/../lib/gcc/arm-none-eabi/5.4.1/armv7e-m/fpu/crtbegin.o

.ccmram         0x0000000010000000        0x0 load address 0x0000000008007208
                0x0000000010000000                . = ALIGN (0x4)
                0x0000000010000000                _sccmram = .
 *(.ccmram)
 *(.ccmram*)
                0x0000000010000000                . = ALIGN (0x4)
                0x0000000010000000                _eccmram = .
                0x0000000010000000                . = ALIGN (0x4)

.bss            0x0000000020000008      0x74c
                0x0000000020000008                _sbss = .
                0x0000000020000008                __bss_start__ = _sbss
 *(.bss)
 .bss           0x0000000020000008       0x1c /usr/local/Cellar/gcc-arm-none-eabi/20160928/bin/../lib/gcc/arm-none-eabi/5.4.1/armv7e-m/fpu/crtbegin.o
 .bss           0x0000000020000024       0x8c CMakeFiles/battlebots.elf.dir/Firmware/Src/can.c.obj
                0x0000000020000024                hcan1
                0x0000000020000068                hcan2
 .bss           0x00000000200000b0       0xb8 CMakeFiles/battlebots.elf.dir/Firmware/Src/spi.c.obj
                0x00000000200000b0                hspi5
                0x0000000020000108                hdma_spi5_rx
 .bss           0x0000000020000168       0x40 CMakeFiles/battlebots.elf.dir/Firmware/Src/stm32f4xx_hal_timebase_TIM.c.obj
                0x0000000020000168                htim6
                0x00000000200001a4                uwIncrementState
 .bss           0x00000000200001a8      0x168 CMakeFiles/battlebots.elf.dir/Firmware/Src/tim.c.obj
                0x00000000200001a8                htim2
                0x00000000200001e4                htim3
                0x0000000020000220                htim4
                0x000000002000025c                htim5
                0x0000000020000298                htim8
                0x00000000200002d4                htim12
 .bss           0x0000000020000310      0x280 CMakeFiles/battlebots.elf.dir/Firmware/Src/usart.c.obj
                0x0000000020000310                huart1
                0x0000000020000350                huart2
                0x0000000020000390                huart3
                0x00000000200003d0                huart6
                0x0000000020000410                hdma_usart1_rx
                0x0000000020000470                hdma_usart2_rx
                0x00000000200004d0                hdma_usart3_rx
                0x0000000020000530                hdma_usart6_rx
 .bss           0x0000000020000590      0x190 CMakeFiles/battlebots.elf.dir/User/Src/chassis_motors.c.obj
                0x0000000020000590                can1_rx_data
                0x0000000020000598                can2_rx_data
                0x00000000200005a0                CM1Encoder
                0x00000000200005d8                CM2Encoder
                0x0000000020000610                CM3Encoder
                0x0000000020000648                CM4Encoder
                0x0000000020000680                can_chassis_count
                0x0000000020000690                input
 .bss           0x0000000020000720       0x1e CMakeFiles/battlebots.elf.dir/User/Src/test_DBUS.c.obj
                0x0000000020000720                USART_RX_BUF
                0x0000000020000734                RC_Ctl
 *fill*         0x000000002000073e        0x2 
 .bss           0x0000000020000740       0x10 CMakeFiles/battlebots.elf.dir/User/Src/test_drive.c.obj
                0x0000000020000740                front_right
                0x0000000020000742                back_right
                0x0000000020000744                front_left
                0x0000000020000746                back_left
                0x0000000020000748                M_wheel_result
 .bss           0x0000000020000750        0x4 libHAL.a(stm32f4xx_hal.c.obj)
                0x0000000020000750                uwTick
 *(.bss*)
 *(COMMON)
                0x0000000020000754                . = ALIGN (0x4)
                0x0000000020000754                _ebss = .
                0x0000000020000754                __bss_end__ = _ebss

._user_heap_stack
                0x0000000020000754     0x1404
                0x0000000020000758                . = ALIGN (0x8)
 *fill*         0x0000000020000754        0x4 
                [!provide]                        PROVIDE (end, .)
                [!provide]                        PROVIDE (_end, .)
                0x0000000020001758                . = (. + _Min_Heap_Size)
 *fill*         0x0000000020000758     0x1000 
                0x0000000020001b58                . = (. + _Min_Stack_Size)
 *fill*         0x0000000020001758      0x400 
                0x0000000020001b58                . = ALIGN (0x8)

/DISCARD/
 libc.a(*)
 libm.a(*)
 libgcc.a(*)

.ARM.attributes
                0x0000000000000000       0x30
 *(.ARM.attributes)
 .ARM.attributes
                0x0000000000000000       0x22 /usr/local/Cellar/gcc-arm-none-eabi/20160928/bin/../lib/gcc/arm-none-eabi/5.4.1/armv7e-m/fpu/crti.o
 .ARM.attributes
                0x0000000000000022       0x34 /usr/local/Cellar/gcc-arm-none-eabi/20160928/bin/../lib/gcc/arm-none-eabi/5.4.1/armv7e-m/fpu/crtbegin.o
 .ARM.attributes
                0x0000000000000056       0x39 CMakeFiles/battlebots.elf.dir/Firmware/Src/can.c.obj
 .ARM.attributes
                0x000000000000008f       0x39 CMakeFiles/battlebots.elf.dir/Firmware/Src/dma.c.obj
 .ARM.attributes
                0x00000000000000c8       0x39 CMakeFiles/battlebots.elf.dir/Firmware/Src/gpio.c.obj
 .ARM.attributes
                0x0000000000000101       0x39 CMakeFiles/battlebots.elf.dir/Firmware/Src/spi.c.obj
 .ARM.attributes
                0x000000000000013a       0x39 CMakeFiles/battlebots.elf.dir/Firmware/Src/stm32f4xx_hal_msp.c.obj
 .ARM.attributes
                0x0000000000000173       0x39 CMakeFiles/battlebots.elf.dir/Firmware/Src/stm32f4xx_hal_timebase_TIM.c.obj
 .ARM.attributes
                0x00000000000001ac       0x39 CMakeFiles/battlebots.elf.dir/Firmware/Src/stm32f4xx_it.c.obj
 .ARM.attributes
                0x00000000000001e5       0x39 CMakeFiles/battlebots.elf.dir/Firmware/Src/system_stm32f4xx.c.obj
 .ARM.attributes
                0x000000000000021e       0x39 CMakeFiles/battlebots.elf.dir/Firmware/Src/tim.c.obj
 .ARM.attributes
                0x0000000000000257       0x39 CMakeFiles/battlebots.elf.dir/Firmware/Src/usart.c.obj
 .ARM.attributes
                0x0000000000000290       0x39 CMakeFiles/battlebots.elf.dir/User/Src/chassis_motors.c.obj
 .ARM.attributes
                0x00000000000002c9       0x39 CMakeFiles/battlebots.elf.dir/User/Src/main.c.obj
 .ARM.attributes
                0x0000000000000302       0x39 CMakeFiles/battlebots.elf.dir/User/Src/test_DBUS.c.obj
 .ARM.attributes
                0x000000000000033b       0x39 CMakeFiles/battlebots.elf.dir/User/Src/test_drive.c.obj
 .ARM.attributes
                0x0000000000000374       0x39 CMakeFiles/battlebots.elf.dir/Src/PID.c.obj
 .ARM.attributes
                0x00000000000003ad       0x39 libHAL.a(stm32f4xx_hal.c.obj)
 .ARM.attributes
                0x00000000000003e6       0x39 libHAL.a(stm32f4xx_hal_can.c.obj)
 .ARM.attributes
                0x000000000000041f       0x39 libHAL.a(stm32f4xx_hal_cortex.c.obj)
 .ARM.attributes
                0x0000000000000458       0x39 libHAL.a(stm32f4xx_hal_dma.c.obj)
 .ARM.attributes
                0x0000000000000491       0x39 libHAL.a(stm32f4xx_hal_gpio.c.obj)
 .ARM.attributes
                0x00000000000004ca       0x39 libHAL.a(stm32f4xx_hal_rcc.c.obj)
 .ARM.attributes
                0x0000000000000503       0x39 libHAL.a(stm32f4xx_hal_spi.c.obj)
 .ARM.attributes
                0x000000000000053c       0x39 libHAL.a(stm32f4xx_hal_tim.c.obj)
 .ARM.attributes
                0x0000000000000575       0x39 libHAL.a(stm32f4xx_hal_tim_ex.c.obj)
 .ARM.attributes
                0x00000000000005ae       0x39 libHAL.a(stm32f4xx_hal_uart.c.obj)
 .ARM.attributes
                0x00000000000005e7       0x21 libCMSIS.a(startup_stm32f427xx.s.obj)
 .ARM.attributes
                0x0000000000000608       0x22 /usr/local/Cellar/gcc-arm-none-eabi/20160928/bin/../lib/gcc/arm-none-eabi/5.4.1/armv7e-m/fpu/libgcc.a(_arm_addsubdf3.o)
 .ARM.attributes
                0x000000000000062a       0x22 /usr/local/Cellar/gcc-arm-none-eabi/20160928/bin/../lib/gcc/arm-none-eabi/5.4.1/armv7e-m/fpu/libgcc.a(_arm_muldivdf3.o)
 .ARM.attributes
                0x000000000000064c       0x22 /usr/local/Cellar/gcc-arm-none-eabi/20160928/bin/../lib/gcc/arm-none-eabi/5.4.1/armv7e-m/fpu/libgcc.a(_arm_fixdfsi.o)
 .ARM.attributes
                0x000000000000066e       0x34 /usr/local/Cellar/gcc-arm-none-eabi/20160928/bin/../lib/gcc/arm-none-eabi/5.4.1/../../../../arm-none-eabi/lib/armv7e-m/fpu/libg_nano.a(lib_a-init.o)
 .ARM.attributes
                0x00000000000006a2       0x22 /usr/local/Cellar/gcc-arm-none-eabi/20160928/bin/../lib/gcc/arm-none-eabi/5.4.1/armv7e-m/fpu/crtn.o
OUTPUT(battlebots.elf elf32-littlearm)

.debug_info     0x0000000000000000    0x117cd
 .debug_info    0x0000000000000000      0xc0c CMakeFiles/battlebots.elf.dir/Firmware/Src/can.c.obj
 .debug_info    0x0000000000000c0c      0x518 CMakeFiles/battlebots.elf.dir/Firmware/Src/dma.c.obj
 .debug_info    0x0000000000001124      0x6ed CMakeFiles/battlebots.elf.dir/Firmware/Src/gpio.c.obj
 .debug_info    0x0000000000001811      0x916 CMakeFiles/battlebots.elf.dir/Firmware/Src/spi.c.obj
 .debug_info    0x0000000000002127      0x2ff CMakeFiles/battlebots.elf.dir/Firmware/Src/stm32f4xx_hal_msp.c.obj
 .debug_info    0x0000000000002426      0xabf CMakeFiles/battlebots.elf.dir/Firmware/Src/stm32f4xx_hal_timebase_TIM.c.obj
 .debug_info    0x0000000000002ee5      0xebd CMakeFiles/battlebots.elf.dir/Firmware/Src/stm32f4xx_it.c.obj
 .debug_info    0x0000000000003da2      0x4ff CMakeFiles/battlebots.elf.dir/Firmware/Src/system_stm32f4xx.c.obj
 .debug_info    0x00000000000042a1      0xc39 CMakeFiles/battlebots.elf.dir/Firmware/Src/tim.c.obj
 .debug_info    0x0000000000004eda      0xbe8 CMakeFiles/battlebots.elf.dir/Firmware/Src/usart.c.obj
 .debug_info    0x0000000000005ac2      0xb7d CMakeFiles/battlebots.elf.dir/User/Src/chassis_motors.c.obj
 .debug_info    0x000000000000663f     0x1237 CMakeFiles/battlebots.elf.dir/User/Src/main.c.obj
 .debug_info    0x0000000000007876      0x5fb CMakeFiles/battlebots.elf.dir/User/Src/test_DBUS.c.obj
 .debug_info    0x0000000000007e71      0x20f CMakeFiles/battlebots.elf.dir/User/Src/test_drive.c.obj
 .debug_info    0x0000000000008080      0x20e CMakeFiles/battlebots.elf.dir/Src/PID.c.obj
 .debug_info    0x000000000000828e      0x94c libHAL.a(stm32f4xx_hal.c.obj)
 .debug_info    0x0000000000008bda      0xb0a libHAL.a(stm32f4xx_hal_can.c.obj)
 .debug_info    0x00000000000096e4      0xdbe libHAL.a(stm32f4xx_hal_cortex.c.obj)
 .debug_info    0x000000000000a4a2      0x8ec libHAL.a(stm32f4xx_hal_dma.c.obj)
 .debug_info    0x000000000000ad8e      0x72e libHAL.a(stm32f4xx_hal_gpio.c.obj)
 .debug_info    0x000000000000b4bc      0xb61 libHAL.a(stm32f4xx_hal_rcc.c.obj)
 .debug_info    0x000000000000c01d     0x14a8 libHAL.a(stm32f4xx_hal_spi.c.obj)
 .debug_info    0x000000000000d4c5     0x2187 libHAL.a(stm32f4xx_hal_tim.c.obj)
 .debug_info    0x000000000000f64c      0xf5c libHAL.a(stm32f4xx_hal_tim_ex.c.obj)
 .debug_info    0x00000000000105a8     0x1181 libHAL.a(stm32f4xx_hal_uart.c.obj)
 .debug_info    0x0000000000011729       0xa4 libCMSIS.a(startup_stm32f427xx.s.obj)

.debug_abbrev   0x0000000000000000     0x2a23
 .debug_abbrev  0x0000000000000000      0x18e CMakeFiles/battlebots.elf.dir/Firmware/Src/can.c.obj
 .debug_abbrev  0x000000000000018e       0xf7 CMakeFiles/battlebots.elf.dir/Firmware/Src/dma.c.obj
 .debug_abbrev  0x0000000000000285      0x122 CMakeFiles/battlebots.elf.dir/Firmware/Src/gpio.c.obj
 .debug_abbrev  0x00000000000003a7      0x175 CMakeFiles/battlebots.elf.dir/Firmware/Src/spi.c.obj
 .debug_abbrev  0x000000000000051c       0x88 CMakeFiles/battlebots.elf.dir/Firmware/Src/stm32f4xx_hal_msp.c.obj
 .debug_abbrev  0x00000000000005a4      0x180 CMakeFiles/battlebots.elf.dir/Firmware/Src/stm32f4xx_hal_timebase_TIM.c.obj
 .debug_abbrev  0x0000000000000724      0x19e CMakeFiles/battlebots.elf.dir/Firmware/Src/stm32f4xx_it.c.obj
 .debug_abbrev  0x00000000000008c2       0xff CMakeFiles/battlebots.elf.dir/Firmware/Src/system_stm32f4xx.c.obj
 .debug_abbrev  0x00000000000009c1      0x1ba CMakeFiles/battlebots.elf.dir/Firmware/Src/tim.c.obj
 .debug_abbrev  0x0000000000000b7b      0x1c1 CMakeFiles/battlebots.elf.dir/Firmware/Src/usart.c.obj
 .debug_abbrev  0x0000000000000d3c      0x200 CMakeFiles/battlebots.elf.dir/User/Src/chassis_motors.c.obj
 .debug_abbrev  0x0000000000000f3c      0x21b CMakeFiles/battlebots.elf.dir/User/Src/main.c.obj
 .debug_abbrev  0x0000000000001157      0x177 CMakeFiles/battlebots.elf.dir/User/Src/test_DBUS.c.obj
 .debug_abbrev  0x00000000000012ce       0xd5 CMakeFiles/battlebots.elf.dir/User/Src/test_drive.c.obj
 .debug_abbrev  0x00000000000013a3       0xd7 CMakeFiles/battlebots.elf.dir/Src/PID.c.obj
 .debug_abbrev  0x000000000000147a      0x224 libHAL.a(stm32f4xx_hal.c.obj)
 .debug_abbrev  0x000000000000169e      0x1f7 libHAL.a(stm32f4xx_hal_can.c.obj)
 .debug_abbrev  0x0000000000001895      0x2c9 libHAL.a(stm32f4xx_hal_cortex.c.obj)
 .debug_abbrev  0x0000000000001b5e      0x226 libHAL.a(stm32f4xx_hal_dma.c.obj)
 .debug_abbrev  0x0000000000001d84      0x1ac libHAL.a(stm32f4xx_hal_gpio.c.obj)
 .debug_abbrev  0x0000000000001f30      0x29f libHAL.a(stm32f4xx_hal_rcc.c.obj)
 .debug_abbrev  0x00000000000021cf      0x217 libHAL.a(stm32f4xx_hal_spi.c.obj)
 .debug_abbrev  0x00000000000023e6      0x208 libHAL.a(stm32f4xx_hal_tim.c.obj)
 .debug_abbrev  0x00000000000025ee      0x1ff libHAL.a(stm32f4xx_hal_tim_ex.c.obj)
 .debug_abbrev  0x00000000000027ed      0x224 libHAL.a(stm32f4xx_hal_uart.c.obj)
 .debug_abbrev  0x0000000000002a11       0x12 libCMSIS.a(startup_stm32f427xx.s.obj)

.debug_aranges  0x0000000000000000     0x1030
 .debug_aranges
                0x0000000000000000       0x38 CMakeFiles/battlebots.elf.dir/Firmware/Src/can.c.obj
 .debug_aranges
                0x0000000000000038       0x20 CMakeFiles/battlebots.elf.dir/Firmware/Src/dma.c.obj
 .debug_aranges
                0x0000000000000058       0x20 CMakeFiles/battlebots.elf.dir/Firmware/Src/gpio.c.obj
 .debug_aranges
                0x0000000000000078       0x30 CMakeFiles/battlebots.elf.dir/Firmware/Src/spi.c.obj
 .debug_aranges
                0x00000000000000a8       0x20 CMakeFiles/battlebots.elf.dir/Firmware/Src/stm32f4xx_hal_msp.c.obj
 .debug_aranges
                0x00000000000000c8       0x30 CMakeFiles/battlebots.elf.dir/Firmware/Src/stm32f4xx_hal_timebase_TIM.c.obj
 .debug_aranges
                0x00000000000000f8       0xd8 CMakeFiles/battlebots.elf.dir/Firmware/Src/stm32f4xx_it.c.obj
 .debug_aranges
                0x00000000000001d0       0x28 CMakeFiles/battlebots.elf.dir/Firmware/Src/system_stm32f4xx.c.obj
 .debug_aranges
                0x00000000000001f8       0x60 CMakeFiles/battlebots.elf.dir/Firmware/Src/tim.c.obj
 .debug_aranges
                0x0000000000000258       0x48 CMakeFiles/battlebots.elf.dir/Firmware/Src/usart.c.obj
 .debug_aranges
                0x00000000000002a0       0x68 CMakeFiles/battlebots.elf.dir/User/Src/chassis_motors.c.obj
 .debug_aranges
                0x0000000000000308       0x38 CMakeFiles/battlebots.elf.dir/User/Src/main.c.obj
 .debug_aranges
                0x0000000000000340       0x28 CMakeFiles/battlebots.elf.dir/User/Src/test_DBUS.c.obj
 .debug_aranges
                0x0000000000000368       0x28 CMakeFiles/battlebots.elf.dir/User/Src/test_drive.c.obj
 .debug_aranges
                0x0000000000000390       0x28 CMakeFiles/battlebots.elf.dir/Src/PID.c.obj
 .debug_aranges
                0x00000000000003b8       0xd8 libHAL.a(stm32f4xx_hal.c.obj)
 .debug_aranges
                0x0000000000000490       0xb0 libHAL.a(stm32f4xx_hal_can.c.obj)
 .debug_aranges
                0x0000000000000540      0x118 libHAL.a(stm32f4xx_hal_cortex.c.obj)
 .debug_aranges
                0x0000000000000658       0x90 libHAL.a(stm32f4xx_hal_dma.c.obj)
 .debug_aranges
                0x00000000000006e8       0x58 libHAL.a(stm32f4xx_hal_gpio.c.obj)
 .debug_aranges
                0x0000000000000740       0x88 libHAL.a(stm32f4xx_hal_rcc.c.obj)
 .debug_aranges
                0x00000000000007c8      0x1c8 libHAL.a(stm32f4xx_hal_spi.c.obj)
 .debug_aranges
                0x0000000000000990      0x368 libHAL.a(stm32f4xx_hal_tim.c.obj)
 .debug_aranges
                0x0000000000000cf8      0x140 libHAL.a(stm32f4xx_hal_tim_ex.c.obj)
 .debug_aranges
                0x0000000000000e38      0x1d0 libHAL.a(stm32f4xx_hal_uart.c.obj)
 .debug_aranges
                0x0000000000001008       0x28 libCMSIS.a(startup_stm32f427xx.s.obj)

.debug_ranges   0x0000000000000000      0xe98
 .debug_ranges  0x0000000000000000       0x28 CMakeFiles/battlebots.elf.dir/Firmware/Src/can.c.obj
 .debug_ranges  0x0000000000000028       0x10 CMakeFiles/battlebots.elf.dir/Firmware/Src/dma.c.obj
 .debug_ranges  0x0000000000000038       0x10 CMakeFiles/battlebots.elf.dir/Firmware/Src/gpio.c.obj
 .debug_ranges  0x0000000000000048       0x20 CMakeFiles/battlebots.elf.dir/Firmware/Src/spi.c.obj
 .debug_ranges  0x0000000000000068       0x10 CMakeFiles/battlebots.elf.dir/Firmware/Src/stm32f4xx_hal_msp.c.obj
 .debug_ranges  0x0000000000000078       0x20 CMakeFiles/battlebots.elf.dir/Firmware/Src/stm32f4xx_hal_timebase_TIM.c.obj
 .debug_ranges  0x0000000000000098       0xc8 CMakeFiles/battlebots.elf.dir/Firmware/Src/stm32f4xx_it.c.obj
 .debug_ranges  0x0000000000000160       0x18 CMakeFiles/battlebots.elf.dir/Firmware/Src/system_stm32f4xx.c.obj
 .debug_ranges  0x0000000000000178       0x50 CMakeFiles/battlebots.elf.dir/Firmware/Src/tim.c.obj
 .debug_ranges  0x00000000000001c8       0x38 CMakeFiles/battlebots.elf.dir/Firmware/Src/usart.c.obj
 .debug_ranges  0x0000000000000200       0x58 CMakeFiles/battlebots.elf.dir/User/Src/chassis_motors.c.obj
 .debug_ranges  0x0000000000000258       0x28 CMakeFiles/battlebots.elf.dir/User/Src/main.c.obj
 .debug_ranges  0x0000000000000280       0x18 CMakeFiles/battlebots.elf.dir/User/Src/test_DBUS.c.obj
 .debug_ranges  0x0000000000000298       0x18 CMakeFiles/battlebots.elf.dir/User/Src/test_drive.c.obj
 .debug_ranges  0x00000000000002b0       0x18 CMakeFiles/battlebots.elf.dir/Src/PID.c.obj
 .debug_ranges  0x00000000000002c8       0xc8 libHAL.a(stm32f4xx_hal.c.obj)
 .debug_ranges  0x0000000000000390       0xa0 libHAL.a(stm32f4xx_hal_can.c.obj)
 .debug_ranges  0x0000000000000430      0x108 libHAL.a(stm32f4xx_hal_cortex.c.obj)
 .debug_ranges  0x0000000000000538       0x80 libHAL.a(stm32f4xx_hal_dma.c.obj)
 .debug_ranges  0x00000000000005b8       0x48 libHAL.a(stm32f4xx_hal_gpio.c.obj)
 .debug_ranges  0x0000000000000600       0x78 libHAL.a(stm32f4xx_hal_rcc.c.obj)
 .debug_ranges  0x0000000000000678      0x1b8 libHAL.a(stm32f4xx_hal_spi.c.obj)
 .debug_ranges  0x0000000000000830      0x358 libHAL.a(stm32f4xx_hal_tim.c.obj)
 .debug_ranges  0x0000000000000b88      0x130 libHAL.a(stm32f4xx_hal_tim_ex.c.obj)
 .debug_ranges  0x0000000000000cb8      0x1c0 libHAL.a(stm32f4xx_hal_uart.c.obj)
 .debug_ranges  0x0000000000000e78       0x20 libCMSIS.a(startup_stm32f427xx.s.obj)

.debug_line     0x0000000000000000     0x816f
 .debug_line    0x0000000000000000      0x2e2 CMakeFiles/battlebots.elf.dir/Firmware/Src/can.c.obj
 .debug_line    0x00000000000002e2      0x1d0 CMakeFiles/battlebots.elf.dir/Firmware/Src/dma.c.obj
 .debug_line    0x00000000000004b2      0x250 CMakeFiles/battlebots.elf.dir/Firmware/Src/gpio.c.obj
 .debug_line    0x0000000000000702      0x2af CMakeFiles/battlebots.elf.dir/Firmware/Src/spi.c.obj
 .debug_line    0x00000000000009b1      0x1da CMakeFiles/battlebots.elf.dir/Firmware/Src/stm32f4xx_hal_msp.c.obj
 .debug_line    0x0000000000000b8b      0x2b6 CMakeFiles/battlebots.elf.dir/Firmware/Src/stm32f4xx_hal_timebase_TIM.c.obj
 .debug_line    0x0000000000000e41      0x663 CMakeFiles/battlebots.elf.dir/Firmware/Src/stm32f4xx_it.c.obj
 .debug_line    0x00000000000014a4      0x200 CMakeFiles/battlebots.elf.dir/Firmware/Src/system_stm32f4xx.c.obj
 .debug_line    0x00000000000016a4      0x44c CMakeFiles/battlebots.elf.dir/Firmware/Src/tim.c.obj
 .debug_line    0x0000000000001af0      0x37b CMakeFiles/battlebots.elf.dir/Firmware/Src/usart.c.obj
 .debug_line    0x0000000000001e6b      0x3ee CMakeFiles/battlebots.elf.dir/User/Src/chassis_motors.c.obj
 .debug_line    0x0000000000002259      0x39a CMakeFiles/battlebots.elf.dir/User/Src/main.c.obj
 .debug_line    0x00000000000025f3      0x2e7 CMakeFiles/battlebots.elf.dir/User/Src/test_DBUS.c.obj
 .debug_line    0x00000000000028da      0x188 CMakeFiles/battlebots.elf.dir/User/Src/test_drive.c.obj
 .debug_line    0x0000000000002a62      0x218 CMakeFiles/battlebots.elf.dir/Src/PID.c.obj
 .debug_line    0x0000000000002c7a      0x45f libHAL.a(stm32f4xx_hal.c.obj)
 .debug_line    0x00000000000030d9      0x772 libHAL.a(stm32f4xx_hal_can.c.obj)
 .debug_line    0x000000000000384b      0x572 libHAL.a(stm32f4xx_hal_cortex.c.obj)
 .debug_line    0x0000000000003dbd      0x542 libHAL.a(stm32f4xx_hal_dma.c.obj)
 .debug_line    0x00000000000042ff      0x468 libHAL.a(stm32f4xx_hal_gpio.c.obj)
 .debug_line    0x0000000000004767      0x5d7 libHAL.a(stm32f4xx_hal_rcc.c.obj)
 .debug_line    0x0000000000004d3e      0xbf5 libHAL.a(stm32f4xx_hal_spi.c.obj)
 .debug_line    0x0000000000005933     0x140d libHAL.a(stm32f4xx_hal_tim.c.obj)
 .debug_line    0x0000000000006d40      0x82e libHAL.a(stm32f4xx_hal_tim_ex.c.obj)
 .debug_line    0x000000000000756e      0xb5a libHAL.a(stm32f4xx_hal_uart.c.obj)
 .debug_line    0x00000000000080c8       0xa7 libCMSIS.a(startup_stm32f427xx.s.obj)

.debug_str      0x0000000000000000     0x4c01
 .debug_str     0x0000000000000000      0xbd4 CMakeFiles/battlebots.elf.dir/Firmware/Src/can.c.obj
                                        0xc5e (size before relaxing)
 .debug_str     0x0000000000000bd4       0x44 CMakeFiles/battlebots.elf.dir/Firmware/Src/dma.c.obj
                                        0x86b (size before relaxing)
 .debug_str     0x0000000000000c18       0x62 CMakeFiles/battlebots.elf.dir/Firmware/Src/gpio.c.obj
                                        0x90a (size before relaxing)
 .debug_str     0x0000000000000c7a      0x40b CMakeFiles/battlebots.elf.dir/Firmware/Src/spi.c.obj
                                        0x838 (size before relaxing)
 .debug_str     0x0000000000001085       0x52 CMakeFiles/battlebots.elf.dir/Firmware/Src/stm32f4xx_hal_msp.c.obj
                                        0x74f (size before relaxing)
 .debug_str     0x00000000000010d7      0x2ee CMakeFiles/battlebots.elf.dir/Firmware/Src/stm32f4xx_hal_timebase_TIM.c.obj
                                        0xd91 (size before relaxing)
 .debug_str     0x00000000000013c5      0x3cb CMakeFiles/battlebots.elf.dir/Firmware/Src/stm32f4xx_it.c.obj
                                        0xcf8 (size before relaxing)
 .debug_str     0x0000000000001790      0x101 CMakeFiles/battlebots.elf.dir/Firmware/Src/system_stm32f4xx.c.obj
                                        0x3bc (size before relaxing)
 .debug_str     0x0000000000001891      0x239 CMakeFiles/battlebots.elf.dir/Firmware/Src/tim.c.obj
                                        0x9ef (size before relaxing)
 .debug_str     0x0000000000001aca       0xb9 CMakeFiles/battlebots.elf.dir/Firmware/Src/usart.c.obj
                                        0xdd3 (size before relaxing)
 .debug_str     0x0000000000001b83      0x3ee CMakeFiles/battlebots.elf.dir/User/Src/chassis_motors.c.obj
                                        0x922 (size before relaxing)
 .debug_str     0x0000000000001f71      0x18d CMakeFiles/battlebots.elf.dir/User/Src/main.c.obj
                                       0x1143 (size before relaxing)
 .debug_str     0x00000000000020fe       0x5b CMakeFiles/battlebots.elf.dir/User/Src/test_DBUS.c.obj
                                        0x679 (size before relaxing)
 .debug_str     0x0000000000002159       0xcc CMakeFiles/battlebots.elf.dir/User/Src/test_drive.c.obj
                                        0x2c9 (size before relaxing)
 .debug_str     0x0000000000002225       0x5a CMakeFiles/battlebots.elf.dir/Src/PID.c.obj
                                        0x26e (size before relaxing)
 .debug_str     0x000000000000227f      0x27d libHAL.a(stm32f4xx_hal.c.obj)
                                        0xb51 (size before relaxing)
 .debug_str     0x00000000000024fc      0x1ab libHAL.a(stm32f4xx_hal_can.c.obj)
                                        0x801 (size before relaxing)
 .debug_str     0x00000000000026a7      0x3d6 libHAL.a(stm32f4xx_hal_cortex.c.obj)
                                        0xcc3 (size before relaxing)
 .debug_str     0x0000000000002a7d      0x32b libHAL.a(stm32f4xx_hal_dma.c.obj)
                                        0x7d6 (size before relaxing)
 .debug_str     0x0000000000002da8      0x17a libHAL.a(stm32f4xx_hal_gpio.c.obj)
                                        0x55f (size before relaxing)
 .debug_str     0x0000000000002f22      0x1a2 libHAL.a(stm32f4xx_hal_rcc.c.obj)
                                        0x71e (size before relaxing)
 .debug_str     0x00000000000030c4      0x4f2 libHAL.a(stm32f4xx_hal_spi.c.obj)
                                        0xbaa (size before relaxing)
 .debug_str     0x00000000000035b6      0xc83 libHAL.a(stm32f4xx_hal_tim.c.obj)
                                       0x13aa (size before relaxing)
 .debug_str     0x0000000000004239      0x493 libHAL.a(stm32f4xx_hal_tim_ex.c.obj)
                                        0xc65 (size before relaxing)
 .debug_str     0x00000000000046cc      0x535 libHAL.a(stm32f4xx_hal_uart.c.obj)
                                        0xbe8 (size before relaxing)

.comment        0x0000000000000000       0x6e
 .comment       0x0000000000000000       0x6e CMakeFiles/battlebots.elf.dir/Firmware/Src/can.c.obj
                                         0x6f (size before relaxing)
 .comment       0x000000000000006e       0x6f CMakeFiles/battlebots.elf.dir/Firmware/Src/dma.c.obj
 .comment       0x000000000000006e       0x6f CMakeFiles/battlebots.elf.dir/Firmware/Src/gpio.c.obj
 .comment       0x000000000000006e       0x6f CMakeFiles/battlebots.elf.dir/Firmware/Src/spi.c.obj
 .comment       0x000000000000006e       0x6f CMakeFiles/battlebots.elf.dir/Firmware/Src/stm32f4xx_hal_msp.c.obj
 .comment       0x000000000000006e       0x6f CMakeFiles/battlebots.elf.dir/Firmware/Src/stm32f4xx_hal_timebase_TIM.c.obj
 .comment       0x000000000000006e       0x6f CMakeFiles/battlebots.elf.dir/Firmware/Src/stm32f4xx_it.c.obj
 .comment       0x000000000000006e       0x6f CMakeFiles/battlebots.elf.dir/Firmware/Src/system_stm32f4xx.c.obj
 .comment       0x000000000000006e       0x6f CMakeFiles/battlebots.elf.dir/Firmware/Src/tim.c.obj
 .comment       0x000000000000006e       0x6f CMakeFiles/battlebots.elf.dir/Firmware/Src/usart.c.obj
 .comment       0x000000000000006e       0x6f CMakeFiles/battlebots.elf.dir/User/Src/chassis_motors.c.obj
 .comment       0x000000000000006e       0x6f CMakeFiles/battlebots.elf.dir/User/Src/main.c.obj
 .comment       0x000000000000006e       0x6f CMakeFiles/battlebots.elf.dir/User/Src/test_DBUS.c.obj
 .comment       0x000000000000006e       0x6f CMakeFiles/battlebots.elf.dir/User/Src/test_drive.c.obj
 .comment       0x000000000000006e       0x6f CMakeFiles/battlebots.elf.dir/Src/PID.c.obj
 .comment       0x000000000000006e       0x6f libHAL.a(stm32f4xx_hal.c.obj)
 .comment       0x000000000000006e       0x6f libHAL.a(stm32f4xx_hal_can.c.obj)
 .comment       0x000000000000006e       0x6f libHAL.a(stm32f4xx_hal_cortex.c.obj)
 .comment       0x000000000000006e       0x6f libHAL.a(stm32f4xx_hal_dma.c.obj)
 .comment       0x000000000000006e       0x6f libHAL.a(stm32f4xx_hal_gpio.c.obj)
 .comment       0x000000000000006e       0x6f libHAL.a(stm32f4xx_hal_rcc.c.obj)
 .comment       0x000000000000006e       0x6f libHAL.a(stm32f4xx_hal_spi.c.obj)
 .comment       0x000000000000006e       0x6f libHAL.a(stm32f4xx_hal_tim.c.obj)
 .comment       0x000000000000006e       0x6f libHAL.a(stm32f4xx_hal_tim_ex.c.obj)
 .comment       0x000000000000006e       0x6f libHAL.a(stm32f4xx_hal_uart.c.obj)

.debug_frame    0x0000000000000000     0x4058
 .debug_frame   0x0000000000000000       0x90 CMakeFiles/battlebots.elf.dir/Firmware/Src/can.c.obj
 .debug_frame   0x0000000000000090       0x34 CMakeFiles/battlebots.elf.dir/Firmware/Src/dma.c.obj
 .debug_frame   0x00000000000000c4       0x34 CMakeFiles/battlebots.elf.dir/Firmware/Src/gpio.c.obj
 .debug_frame   0x00000000000000f8       0x74 CMakeFiles/battlebots.elf.dir/Firmware/Src/spi.c.obj
 .debug_frame   0x000000000000016c       0x2c CMakeFiles/battlebots.elf.dir/Firmware/Src/stm32f4xx_hal_msp.c.obj
 .debug_frame   0x0000000000000198       0x74 CMakeFiles/battlebots.elf.dir/Firmware/Src/stm32f4xx_hal_timebase_TIM.c.obj
 .debug_frame   0x000000000000020c      0x2b0 CMakeFiles/battlebots.elf.dir/Firmware/Src/stm32f4xx_it.c.obj
 .debug_frame   0x00000000000004bc       0x58 CMakeFiles/battlebots.elf.dir/Firmware/Src/system_stm32f4xx.c.obj
 .debug_frame   0x0000000000000514      0x15c CMakeFiles/battlebots.elf.dir/Firmware/Src/tim.c.obj
 .debug_frame   0x0000000000000670       0xcc CMakeFiles/battlebots.elf.dir/Firmware/Src/usart.c.obj
 .debug_frame   0x000000000000073c      0x190 CMakeFiles/battlebots.elf.dir/User/Src/chassis_motors.c.obj
 .debug_frame   0x00000000000008cc       0x94 CMakeFiles/battlebots.elf.dir/User/Src/main.c.obj
 .debug_frame   0x0000000000000960       0x4c CMakeFiles/battlebots.elf.dir/User/Src/test_DBUS.c.obj
 .debug_frame   0x00000000000009ac       0x5c CMakeFiles/battlebots.elf.dir/User/Src/test_drive.c.obj
 .debug_frame   0x0000000000000a08       0x60 CMakeFiles/battlebots.elf.dir/Src/PID.c.obj
 .debug_frame   0x0000000000000a68      0x338 libHAL.a(stm32f4xx_hal.c.obj)
 .debug_frame   0x0000000000000da0      0x2f8 libHAL.a(stm32f4xx_hal_can.c.obj)
 .debug_frame   0x0000000000001098      0x498 libHAL.a(stm32f4xx_hal_cortex.c.obj)
 .debug_frame   0x0000000000001530      0x250 libHAL.a(stm32f4xx_hal_dma.c.obj)
 .debug_frame   0x0000000000001780      0x14c libHAL.a(stm32f4xx_hal_gpio.c.obj)
 .debug_frame   0x00000000000018cc      0x200 libHAL.a(stm32f4xx_hal_rcc.c.obj)
 .debug_frame   0x0000000000001acc      0x7fc libHAL.a(stm32f4xx_hal_spi.c.obj)
 .debug_frame   0x00000000000022c8      0xfb4 libHAL.a(stm32f4xx_hal_tim.c.obj)
 .debug_frame   0x000000000000327c      0x574 libHAL.a(stm32f4xx_hal_tim_ex.c.obj)
 .debug_frame   0x00000000000037f0      0x83c libHAL.a(stm32f4xx_hal_uart.c.obj)
 .debug_frame   0x000000000000402c       0x2c /usr/local/Cellar/gcc-arm-none-eabi/20160928/bin/../lib/gcc/arm-none-eabi/5.4.1/../../../../arm-none-eabi/lib/armv7e-m/fpu/libg_nano.a(lib_a-init.o)
